// Jest Snapshot v1, https://goo.gl/fbAQLP

exports[`class DataTable extends _react.Component {
  constructor(props) {
    super(props);

    this.state = {
      items: _data2.default };

  }

  renderItems() {
    return this.state.items.map(item =>
    _react2.default.createElement(_DataTableItem2.default, { item: item, key: item.ID, __source: { fileName: _jsxFileName, lineNumber: 17 }, __self: this }));

  }

  render() {
    return (
      _react2.default.createElement('div', { className: 'DataTable', __source: { fileName: _jsxFileName, lineNumber: 23 }, __self: this },
        _react2.default.createElement('h1', { __source: { fileName: _jsxFileName, lineNumber: 24 }, __self: this }, 'Fixed Table header'),
        _react2.default.createElement('div', { className: 'tbl-header', __source: { fileName: _jsxFileName, lineNumber: 25 }, __self: this },
          _react2.default.createElement('table', { cellPadding: '0', cellSpacing: '0', __source: { fileName: _jsxFileName, lineNumber: 26 }, __self: this },
            _react2.default.createElement('thead', { __source: { fileName: _jsxFileName, lineNumber: 27 }, __self: this },
              _react2.default.createElement('tr', { __source: { fileName: _jsxFileName, lineNumber: 28 }, __self: this },
                _react2.default.createElement('th', { __source: { fileName: _jsxFileName, lineNumber: 29 }, __self: this }, 'ID'),
                _react2.default.createElement('th', { __source: { fileName: _jsxFileName, lineNumber: 30 }, __self: this }, 'Parent ID'),
                _react2.default.createElement('th', { __source: { fileName: _jsxFileName, lineNumber: 31 }, __self: this }, 'Phone'),
                _react2.default.createElement('th', { __source: { fileName: _jsxFileName, lineNumber: 32 }, __self: this }, 'City'),
                _react2.default.createElement('th', { __source: { fileName: _jsxFileName, lineNumber: 33 }, __self: this }, 'Name'))))),




        _react2.default.createElement('div', { className: 'tbl-content', __source: { fileName: _jsxFileName, lineNumber: 38 }, __self: this },
          _react2.default.createElement('table', { cellPadding: '0', cellSpacing: '0', __source: { fileName: _jsxFileName, lineNumber: 39 }, __self: this },
            _react2.default.createElement('tbody', { __source: { fileName: _jsxFileName, lineNumber: 40 }, __self: this },
              this.renderItems())))));





  }} renders and matches our snapshot 1`] = `
<div
  className="DataTable"
>
  <h1>
    Fixed Table header
  </h1>
  <div
    className="tbl-header"
  >
    <table
      cellPadding="0"
      cellSpacing="0"
    >
      <thead>
        <tr>
          <th>
            ID
          </th>
          <th>
            Parent ID
          </th>
          <th>
            Phone
          </th>
          <th>
            City
          </th>
          <th>
            Name
          </th>
        </tr>
      </thead>
    </table>
  </div>
  <div
    className="tbl-content"
  >
    <table
      cellPadding="0"
      cellSpacing="0"
    >
      <tbody>
        <tr
          className="DataTableItem"
        >
          <td>
            1
          </td>
          <td>
            0
          </td>
          <td>
            (403) 125-2552
          </td>
          <td>
            Coevorden
          </td>
          <td>
            Grady
          </td>
        </tr>
        <tr
          className="DataTableItem"
        >
          <td>
            2
          </td>
          <td />
          <td>
            (979) 486-1932
          </td>
          <td>
            Chełm
          </td>
          <td>
            Scarlet
          </td>
        </tr>
        <tr
          className="DataTableItem"
        >
          <td>
            3
          </td>
          <td />
          <td>
            (573) 685-8350
          </td>
          <td>
            Wardha
          </td>
          <td>
            Adria
          </td>
        </tr>
        <tr
          className="DataTableItem"
        >
          <td>
            4
          </td>
          <td>
            3
          </td>
          <td>
            (630) 292-9737
          </td>
          <td>
            Villers-la-Loue
          </td>
          <td>
            Xerxes
          </td>
        </tr>
        <tr
          className="DataTableItem"
        >
          <td>
            5
          </td>
          <td />
          <td>
            (755) 968-6539
          </td>
          <td>
            Gönen
          </td>
          <td>
            Madeson
          </td>
        </tr>
        <tr
          className="DataTableItem"
        >
          <td>
            6
          </td>
          <td>
            5
          </td>
          <td>
            (644) 892-5485
          </td>
          <td>
            Timkur
          </td>
          <td>
            Rae
          </td>
        </tr>
        <tr
          className="DataTableItem"
        >
          <td>
            7
          </td>
          <td />
          <td>
            (896) 297-6568
          </td>
          <td>
            Louvain-la-Neuve
          </td>
          <td>
            Celeste
          </td>
        </tr>
        <tr
          className="DataTableItem"
        >
          <td>
            8
          </td>
          <td>
            5
          </td>
          <td>
            (168) 452-3538
          </td>
          <td>
            Worksop
          </td>
          <td>
            Rowan
          </td>
        </tr>
        <tr
          className="DataTableItem"
        >
          <td>
            9
          </td>
          <td>
            5
          </td>
          <td>
            (873) 337-9560
          </td>
          <td>
            Bad Neuenahr-Ahrweiler
          </td>
          <td>
            Kendall
          </td>
        </tr>
        <tr
          className="DataTableItem"
        >
          <td>
            10
          </td>
          <td />
          <td>
            (450) 579-0491
          </td>
          <td>
            Middelburg
          </td>
          <td>
            Madaline
          </td>
        </tr>
        <tr
          className="DataTableItem"
        >
          <td>
            11
          </td>
          <td />
          <td>
            (111) 162-2502
          </td>
          <td>
            Birecik
          </td>
          <td>
            Chandler
          </td>
        </tr>
        <tr
          className="DataTableItem"
        >
          <td>
            12
          </td>
          <td>
            8
          </td>
          <td>
            (712) 483-3905
          </td>
          <td>
            Courbevoie
          </td>
          <td>
            Craig
          </td>
        </tr>
        <tr
          className="DataTableItem"
        >
          <td>
            13
          </td>
          <td>
            8
          </td>
          <td>
            (872) 499-5833
          </td>
          <td>
            Cuccaro Vetere
          </td>
          <td>
            Basia
          </td>
        </tr>
        <tr
          className="DataTableItem"
        >
          <td>
            14
          </td>
          <td>
            6
          </td>
          <td>
            (724) 797-0077
          </td>
          <td>
            Portree
          </td>
          <td>
            Elmo
          </td>
        </tr>
        <tr
          className="DataTableItem"
        >
          <td>
            15
          </td>
          <td>
            5
          </td>
          <td>
            (366) 967-0433
          </td>
          <td>
            Dublin
          </td>
          <td>
            Cairo
          </td>
        </tr>
        <tr
          className="DataTableItem"
        >
          <td>
            16
          </td>
          <td>
            11
          </td>
          <td>
            (147) 708-7321
          </td>
          <td>
            Rivière-du-Loup
          </td>
          <td>
            Mannix
          </td>
        </tr>
        <tr
          className="DataTableItem"
        >
          <td>
            17
          </td>
          <td />
          <td>
            (407) 519-9894
          </td>
          <td>
            Roubaix
          </td>
          <td>
            Justine
          </td>
        </tr>
        <tr
          className="DataTableItem"
        >
          <td>
            18
          </td>
          <td>
            14
          </td>
          <td>
            (938) 793-5446
          </td>
          <td>
            Eugene
          </td>
          <td>
            Dahlia
          </td>
        </tr>
        <tr
          className="DataTableItem"
        >
          <td>
            19
          </td>
          <td>
            5
          </td>
          <td>
            (425) 682-2189
          </td>
          <td>
            Salisbury
          </td>
          <td>
            Irene
          </td>
        </tr>
        <tr
          className="DataTableItem"
        >
          <td>
            20
          </td>
          <td>
            12
          </td>
          <td>
            (351) 187-8200
          </td>
          <td>
            Garaguso
          </td>
          <td>
            Trevor
          </td>
        </tr>
        <tr
          className="DataTableItem"
        >
          <td>
            21
          </td>
          <td />
          <td>
            (601) 944-5214
          </td>
          <td>
            Pointe-au-Pic
          </td>
          <td>
            Iris
          </td>
        </tr>
        <tr
          className="DataTableItem"
        >
          <td>
            22
          </td>
          <td>
            20
          </td>
          <td>
            (479) 532-6127
          </td>
          <td>
            Salt Lake City
          </td>
          <td>
            Fleur
          </td>
        </tr>
        <tr
          className="DataTableItem"
        >
          <td>
            23
          </td>
          <td>
            19
          </td>
          <td>
            (339) 973-1695
          </td>
          <td>
            Meldert
          </td>
          <td>
            Hayley
          </td>
        </tr>
        <tr
          className="DataTableItem"
        >
          <td>
            24
          </td>
          <td>
            11
          </td>
          <td>
            (946) 766-1649
          </td>
          <td>
            Corral
          </td>
          <td>
            Baker
          </td>
        </tr>
        <tr
          className="DataTableItem"
        >
          <td>
            25
          </td>
          <td />
          <td>
            (964) 413-7033
          </td>
          <td>
            Joliet
          </td>
          <td>
            Leo
          </td>
        </tr>
        <tr
          className="DataTableItem"
        >
          <td>
            26
          </td>
          <td>
            7
          </td>
          <td>
            (898) 476-0059
          </td>
          <td>
            Burntisland
          </td>
          <td>
            Rigel
          </td>
        </tr>
        <tr
          className="DataTableItem"
        >
          <td>
            27
          </td>
          <td>
            21
          </td>
          <td>
            (163) 267-0914
          </td>
          <td>
            Lac Ste. Anne
          </td>
          <td>
            Scarlett
          </td>
        </tr>
        <tr
          className="DataTableItem"
        >
          <td>
            28
          </td>
          <td>
            10
          </td>
          <td>
            (486) 637-9167
          </td>
          <td>
            San Maurizio Canavese
          </td>
          <td>
            Wang
          </td>
        </tr>
        <tr
          className="DataTableItem"
        >
          <td>
            29
          </td>
          <td>
            20
          </td>
          <td>
            (268) 646-0066
          </td>
          <td>
            Palermo
          </td>
          <td>
            Eagan
          </td>
        </tr>
        <tr
          className="DataTableItem"
        >
          <td>
            30
          </td>
          <td>
            2
          </td>
          <td>
            (641) 756-7073
          </td>
          <td>
            Harrison Hot Springs
          </td>
          <td>
            Hamilton
          </td>
        </tr>
        <tr
          className="DataTableItem"
        >
          <td>
            31
          </td>
          <td>
            26
          </td>
          <td>
            (820) 709-1328
          </td>
          <td>
            Ottignies
          </td>
          <td>
            Liberty
          </td>
        </tr>
        <tr
          className="DataTableItem"
        >
          <td>
            32
          </td>
          <td>
            12
          </td>
          <td>
            (915) 642-4154
          </td>
          <td>
            Bihain
          </td>
          <td>
            Noel
          </td>
        </tr>
        <tr
          className="DataTableItem"
        >
          <td>
            33
          </td>
          <td>
            27
          </td>
          <td>
            (137) 830-3127
          </td>
          <td>
            Kapuskasing
          </td>
          <td>
            Aidan
          </td>
        </tr>
        <tr
          className="DataTableItem"
        >
          <td>
            34
          </td>
          <td>
            31
          </td>
          <td>
            (594) 856-4377
          </td>
          <td>
            Buin
          </td>
          <td>
            Murphy
          </td>
        </tr>
        <tr
          className="DataTableItem"
        >
          <td>
            35
          </td>
          <td>
            28
          </td>
          <td>
            (951) 871-5461
          </td>
          <td>
            Gold Coast
          </td>
          <td>
            Ila
          </td>
        </tr>
        <tr
          className="DataTableItem"
        >
          <td>
            36
          </td>
          <td>
            10
          </td>
          <td>
            (781) 305-7685
          </td>
          <td>
            Castel Maggiore
          </td>
          <td>
            Katelyn
          </td>
        </tr>
        <tr
          className="DataTableItem"
        >
          <td>
            37
          </td>
          <td>
            10
          </td>
          <td>
            (716) 572-8734
          </td>
          <td>
            Chapecó
          </td>
          <td>
            Logan
          </td>
        </tr>
        <tr
          className="DataTableItem"
        >
          <td>
            38
          </td>
          <td>
            28
          </td>
          <td>
            (214) 619-7252
          </td>
          <td>
            Stargard Szczeciński
          </td>
          <td>
            Adria
          </td>
        </tr>
        <tr
          className="DataTableItem"
        >
          <td>
            39
          </td>
          <td>
            10
          </td>
          <td>
            (422) 223-5912
          </td>
          <td>
            Bad Vöslau
          </td>
          <td>
            Katell
          </td>
        </tr>
        <tr
          className="DataTableItem"
        >
          <td>
            40
          </td>
          <td>
            2
          </td>
          <td>
            (921) 336-7339
          </td>
          <td>
            Namur
          </td>
          <td>
            Lionel
          </td>
        </tr>
        <tr
          className="DataTableItem"
        >
          <td>
            41
          </td>
          <td>
            28
          </td>
          <td>
            (386) 567-5819
          </td>
          <td>
            Borchtlombeek
          </td>
          <td>
            Erin
          </td>
        </tr>
        <tr
          className="DataTableItem"
        >
          <td>
            42
          </td>
          <td>
            8
          </td>
          <td>
            (308) 835-2758
          </td>
          <td>
            Alto del Carmen
          </td>
          <td>
            Austin
          </td>
        </tr>
        <tr
          className="DataTableItem"
        >
          <td>
            43
          </td>
          <td>
            33
          </td>
          <td>
            (410) 695-8540
          </td>
          <td>
            Saint-Laurent
          </td>
          <td>
            Deanna
          </td>
        </tr>
        <tr
          className="DataTableItem"
        >
          <td>
            44
          </td>
          <td>
            4
          </td>
          <td>
            (287) 866-8953
          </td>
          <td>
            Fiuminata
          </td>
          <td>
            Darius
          </td>
        </tr>
        <tr
          className="DataTableItem"
        >
          <td>
            45
          </td>
          <td>
            14
          </td>
          <td>
            (329) 372-0345
          </td>
          <td>
            Laurencekirk
          </td>
          <td>
            Kelsey
          </td>
        </tr>
        <tr
          className="DataTableItem"
        >
          <td>
            46
          </td>
          <td>
            12
          </td>
          <td>
            (566) 705-6690
          </td>
          <td>
            Lunel
          </td>
          <td>
            Skyler
          </td>
        </tr>
        <tr
          className="DataTableItem"
        >
          <td>
            47
          </td>
          <td>
            44
          </td>
          <td>
            (779) 411-0381
          </td>
          <td>
            Pontedera
          </td>
          <td>
            Harding
          </td>
        </tr>
        <tr
          className="DataTableItem"
        >
          <td>
            48
          </td>
          <td>
            18
          </td>
          <td>
            (393) 562-0884
          </td>
          <td>
            Widooie
          </td>
          <td>
            Marny
          </td>
        </tr>
        <tr
          className="DataTableItem"
        >
          <td>
            49
          </td>
          <td>
            28
          </td>
          <td>
            (299) 937-4358
          </td>
          <td>
            Zamora
          </td>
          <td>
            Brennan
          </td>
        </tr>
        <tr
          className="DataTableItem"
        >
          <td>
            50
          </td>
          <td>
            35
          </td>
          <td>
            (474) 337-2674
          </td>
          <td>
            Hazaribag
          </td>
          <td>
            Lance
          </td>
        </tr>
        <tr
          className="DataTableItem"
        >
          <td>
            51
          </td>
          <td>
            35
          </td>
          <td>
            (971) 506-3185
          </td>
          <td>
            Gent
          </td>
          <td>
            Orson
          </td>
        </tr>
        <tr
          className="DataTableItem"
        >
          <td>
            52
          </td>
          <td>
            24
          </td>
          <td>
            (391) 283-3953
          </td>
          <td>
            Leernes
          </td>
          <td>
            Shana
          </td>
        </tr>
        <tr
          className="DataTableItem"
        >
          <td>
            53
          </td>
          <td>
            9
          </td>
          <td>
            (298) 734-9439
          </td>
          <td>
            La Pintana
          </td>
          <td>
            Wanda
          </td>
        </tr>
        <tr
          className="DataTableItem"
        >
          <td>
            54
          </td>
          <td>
            30
          </td>
          <td>
            (800) 876-5942
          </td>
          <td>
            Ribnitz-Damgarten
          </td>
          <td>
            Kelsie
          </td>
        </tr>
        <tr
          className="DataTableItem"
        >
          <td>
            55
          </td>
          <td>
            35
          </td>
          <td>
            (328) 828-7536
          </td>
          <td>
            Opgrimbie
          </td>
          <td>
            Moses
          </td>
        </tr>
        <tr
          className="DataTableItem"
        >
          <td>
            56
          </td>
          <td>
            4
          </td>
          <td>
            (963) 719-2718
          </td>
          <td>
            Gore
          </td>
          <td>
            Rafael
          </td>
        </tr>
        <tr
          className="DataTableItem"
        >
          <td>
            57
          </td>
          <td>
            46
          </td>
          <td>
            (453) 654-2849
          </td>
          <td>
            Llanelli
          </td>
          <td>
            Carson
          </td>
        </tr>
        <tr
          className="DataTableItem"
        >
          <td>
            58
          </td>
          <td>
            3
          </td>
          <td>
            (464) 318-7548
          </td>
          <td>
            Curepto
          </td>
          <td>
            Leila
          </td>
        </tr>
        <tr
          className="DataTableItem"
        >
          <td>
            59
          </td>
          <td>
            18
          </td>
          <td>
            (578) 378-1196
          </td>
          <td>
            Patna
          </td>
          <td>
            Aurelia
          </td>
        </tr>
        <tr
          className="DataTableItem"
        >
          <td>
            60
          </td>
          <td />
          <td>
            (397) 265-7757
          </td>
          <td>
            Ahmadpur East
          </td>
          <td>
            Zelenia
          </td>
        </tr>
        <tr
          className="DataTableItem"
        >
          <td>
            61
          </td>
          <td>
            28
          </td>
          <td>
            (120) 369-4537
          </td>
          <td>
            Knokke
          </td>
          <td>
            Sacha
          </td>
        </tr>
        <tr
          className="DataTableItem"
        >
          <td>
            62
          </td>
          <td>
            54
          </td>
          <td>
            (523) 159-2911
          </td>
          <td>
            Biała Podlaska
          </td>
          <td>
            Clio
          </td>
        </tr>
        <tr
          className="DataTableItem"
        >
          <td>
            63
          </td>
          <td>
            43
          </td>
          <td>
            (475) 190-5102
          </td>
          <td>
            Nicoya
          </td>
          <td>
            Nola
          </td>
        </tr>
        <tr
          className="DataTableItem"
        >
          <td>
            64
          </td>
          <td>
            31
          </td>
          <td>
            (444) 946-5781
          </td>
          <td>
            Sala Baganza
          </td>
          <td>
            Roanna
          </td>
        </tr>
        <tr
          className="DataTableItem"
        >
          <td>
            65
          </td>
          <td>
            39
          </td>
          <td>
            (262) 323-0211
          </td>
          <td>
            Bredene
          </td>
          <td>
            Summer
          </td>
        </tr>
        <tr
          className="DataTableItem"
        >
          <td>
            66
          </td>
          <td>
            17
          </td>
          <td>
            (694) 404-3275
          </td>
          <td>
            Belfort
          </td>
          <td>
            Amery
          </td>
        </tr>
        <tr
          className="DataTableItem"
        >
          <td>
            67
          </td>
          <td>
            22
          </td>
          <td>
            (871) 569-3871
          </td>
          <td>
            Diyarbakır
          </td>
          <td>
            Abra
          </td>
        </tr>
        <tr
          className="DataTableItem"
        >
          <td>
            68
          </td>
          <td />
          <td>
            (807) 949-9083
          </td>
          <td>
            Villers-la-Bonne-Eau
          </td>
          <td>
            Wyatt
          </td>
        </tr>
        <tr
          className="DataTableItem"
        >
          <td>
            69
          </td>
          <td />
          <td>
            (515) 371-8783
          </td>
          <td>
            Poggiodomo
          </td>
          <td>
            Aidan
          </td>
        </tr>
        <tr
          className="DataTableItem"
        >
          <td>
            70
          </td>
          <td>
            35
          </td>
          <td>
            (436) 244-1024
          </td>
          <td>
            Hatfield
          </td>
          <td>
            Marny
          </td>
        </tr>
        <tr
          className="DataTableItem"
        >
          <td>
            71
          </td>
          <td>
            23
          </td>
          <td>
            (808) 719-1689
          </td>
          <td>
            Göteborg
          </td>
          <td>
            Wynter
          </td>
        </tr>
        <tr
          className="DataTableItem"
        >
          <td>
            72
          </td>
          <td />
          <td>
            (134) 258-4612
          </td>
          <td>
            Kukatpalle
          </td>
          <td>
            Morgan
          </td>
        </tr>
        <tr
          className="DataTableItem"
        >
          <td>
            73
          </td>
          <td>
            26
          </td>
          <td>
            (278) 977-1716
          </td>
          <td>
            Tiel
          </td>
          <td>
            Irene
          </td>
        </tr>
        <tr
          className="DataTableItem"
        >
          <td>
            74
          </td>
          <td>
            24
          </td>
          <td>
            (853) 349-5161
          </td>
          <td>
            Rapagnano
          </td>
          <td>
            Morgan
          </td>
        </tr>
        <tr
          className="DataTableItem"
        >
          <td>
            75
          </td>
          <td>
            49
          </td>
          <td>
            (829) 494-7378
          </td>
          <td>
            Camiña
          </td>
          <td>
            Phyllis
          </td>
        </tr>
        <tr
          className="DataTableItem"
        >
          <td>
            76
          </td>
          <td>
            29
          </td>
          <td>
            (910) 639-7203
          </td>
          <td>
            Prè-Saint-Didier
          </td>
          <td>
            Mohammad
          </td>
        </tr>
        <tr
          className="DataTableItem"
        >
          <td>
            77
          </td>
          <td />
          <td>
            (430) 230-5837
          </td>
          <td>
            Bregenz
          </td>
          <td>
            Ethan
          </td>
        </tr>
        <tr
          className="DataTableItem"
        >
          <td>
            78
          </td>
          <td />
          <td>
            (953) 595-4023
          </td>
          <td>
            Shahjahanpur
          </td>
          <td>
            Madeline
          </td>
        </tr>
        <tr
          className="DataTableItem"
        >
          <td>
            79
          </td>
          <td>
            25
          </td>
          <td>
            (639) 100-6302
          </td>
          <td>
            Montemesola
          </td>
          <td>
            Cara
          </td>
        </tr>
        <tr
          className="DataTableItem"
        >
          <td>
            80
          </td>
          <td />
          <td>
            (546) 698-1207
          </td>
          <td>
            Arnhem
          </td>
          <td>
            Quinlan
          </td>
        </tr>
        <tr
          className="DataTableItem"
        >
          <td>
            81
          </td>
          <td>
            24
          </td>
          <td>
            (182) 582-5900
          </td>
          <td>
            Wilmont
          </td>
          <td>
            Dominic
          </td>
        </tr>
        <tr
          className="DataTableItem"
        >
          <td>
            82
          </td>
          <td>
            72
          </td>
          <td>
            (770) 741-5391
          </td>
          <td>
            San Giuliano di Puglia
          </td>
          <td>
            Burke
          </td>
        </tr>
        <tr
          className="DataTableItem"
        >
          <td>
            83
          </td>
          <td>
            19
          </td>
          <td>
            (772) 321-1060
          </td>
          <td>
            Waret-l'Evque
          </td>
          <td>
            Melanie
          </td>
        </tr>
        <tr
          className="DataTableItem"
        >
          <td>
            84
          </td>
          <td />
          <td>
            (861) 753-8646
          </td>
          <td>
            Wolfsburg
          </td>
          <td>
            Upton
          </td>
        </tr>
        <tr
          className="DataTableItem"
        >
          <td>
            85
          </td>
          <td>
            23
          </td>
          <td>
            (843) 182-9656
          </td>
          <td>
            Strongoli
          </td>
          <td>
            Latifah
          </td>
        </tr>
        <tr
          className="DataTableItem"
        >
          <td>
            86
          </td>
          <td>
            64
          </td>
          <td>
            (341) 123-1359
          </td>
          <td>
            Laakirchen
          </td>
          <td>
            Dacey
          </td>
        </tr>
        <tr
          className="DataTableItem"
        >
          <td>
            87
          </td>
          <td>
            30
          </td>
          <td>
            (500) 895-9220
          </td>
          <td>
            Piracicaba
          </td>
          <td>
            Maya
          </td>
        </tr>
        <tr
          className="DataTableItem"
        >
          <td>
            88
          </td>
          <td>
            8
          </td>
          <td>
            (642) 297-3447
          </td>
          <td>
            Seborga
          </td>
          <td>
            Quentin
          </td>
        </tr>
        <tr
          className="DataTableItem"
        >
          <td>
            89
          </td>
          <td>
            46
          </td>
          <td>
            (391) 696-7431
          </td>
          <td>
            São Gonçalo
          </td>
          <td>
            Simon
          </td>
        </tr>
        <tr
          className="DataTableItem"
        >
          <td>
            90
          </td>
          <td>
            49
          </td>
          <td>
            (280) 896-1049
          </td>
          <td>
            Salon-de-Provence
          </td>
          <td>
            Stewart
          </td>
        </tr>
        <tr
          className="DataTableItem"
        >
          <td>
            91
          </td>
          <td>
            10
          </td>
          <td>
            (647) 276-5006
          </td>
          <td>
            Follina
          </td>
          <td>
            Thomas
          </td>
        </tr>
        <tr
          className="DataTableItem"
        >
          <td>
            92
          </td>
          <td>
            47
          </td>
          <td>
            (925) 263-0254
          </td>
          <td>
            Curacaví
          </td>
          <td>
            Aristotle
          </td>
        </tr>
        <tr
          className="DataTableItem"
        >
          <td>
            93
          </td>
          <td>
            11
          </td>
          <td>
            (103) 458-0127
          </td>
          <td>
            Ely
          </td>
          <td>
            Mason
          </td>
        </tr>
        <tr
          className="DataTableItem"
        >
          <td>
            94
          </td>
          <td>
            11
          </td>
          <td>
            (112) 941-0810
          </td>
          <td>
            Lebu
          </td>
          <td>
            Lamar
          </td>
        </tr>
        <tr
          className="DataTableItem"
        >
          <td>
            95
          </td>
          <td>
            14
          </td>
          <td>
            (821) 339-0288
          </td>
          <td>
            Rastatt
          </td>
          <td>
            Clayton
          </td>
        </tr>
        <tr
          className="DataTableItem"
        >
          <td>
            96
          </td>
          <td>
            66
          </td>
          <td>
            (788) 644-3560
          </td>
          <td>
            Cannole
          </td>
          <td>
            Jessica
          </td>
        </tr>
        <tr
          className="DataTableItem"
        >
          <td>
            97
          </td>
          <td />
          <td>
            (636) 383-2370
          </td>
          <td>
            St. Catharines
          </td>
          <td>
            Maxwell
          </td>
        </tr>
        <tr
          className="DataTableItem"
        >
          <td>
            98
          </td>
          <td>
            43
          </td>
          <td>
            (268) 572-5059
          </td>
          <td>
            San Marcello Pistoiese
          </td>
          <td>
            Marny
          </td>
        </tr>
        <tr
          className="DataTableItem"
        >
          <td>
            99
          </td>
          <td />
          <td>
            (336) 239-7842
          </td>
          <td>
            Goderich
          </td>
          <td>
            Byron
          </td>
        </tr>
        <tr
          className="DataTableItem"
        >
          <td>
            100
          </td>
          <td />
          <td>
            (714) 477-8291
          </td>
          <td>
            St. Ives
          </td>
          <td>
            Bryar
          </td>
        </tr>
      </tbody>
    </table>
  </div>
</div>
`;
