// Jest Snapshot v1, https://goo.gl/fbAQLP

exports[`class DataList extends /* istanbul ignore next */_react.Component {
  constructor(props) {/* istanbul ignore next */cov_nr5xzdvon.f[0]++;cov_nr5xzdvon.s[0]++;
    super(props); /* istanbul ignore next */cov_nr5xzdvon.s[1]++;

    this.state = {
      items: /* istanbul ignore next */_data2.default };

  }

  renderItems() {/* istanbul ignore next */cov_nr5xzdvon.f[1]++;cov_nr5xzdvon.s[2]++;
    return this.state.items.map(item =>
    {/* istanbul ignore next */cov_nr5xzdvon.f[2]++;cov_nr5xzdvon.s[3]++;return (/* istanbul ignore next */_react2.default.createElement( /* istanbul ignore next */'h1', /* istanbul ignore next */{ key: item.ID, __source: { fileName: _jsxFileName, lineNumber: 16 }, __self: this },
          item.Name));
    });

  }

  render() {/* istanbul ignore next */cov_nr5xzdvon.f[3]++;cov_nr5xzdvon.s[4]++;
    return (
      /* istanbul ignore next */_react2.default.createElement( /* istanbul ignore next */'div', /* istanbul ignore next */{ className: 'DataList', __source: { fileName: _jsxFileName, lineNumber: 24 }, __self: this },
        this.renderItems()));


  }} renders and matches our snapshot 1`] = `
<div
  className="DataList"
>
  <h1>
    Grady
  </h1>
  <h1>
    Scarlet
  </h1>
  <h1>
    Adria
  </h1>
  <h1>
    Xerxes
  </h1>
  <h1>
    Madeson
  </h1>
  <h1>
    Rae
  </h1>
  <h1>
    Celeste
  </h1>
  <h1>
    Rowan
  </h1>
  <h1>
    Kendall
  </h1>
  <h1>
    Madaline
  </h1>
  <h1>
    Chandler
  </h1>
  <h1>
    Craig
  </h1>
  <h1>
    Basia
  </h1>
  <h1>
    Elmo
  </h1>
  <h1>
    Cairo
  </h1>
  <h1>
    Mannix
  </h1>
  <h1>
    Justine
  </h1>
  <h1>
    Dahlia
  </h1>
  <h1>
    Irene
  </h1>
  <h1>
    Trevor
  </h1>
  <h1>
    Iris
  </h1>
  <h1>
    Fleur
  </h1>
  <h1>
    Hayley
  </h1>
  <h1>
    Baker
  </h1>
  <h1>
    Leo
  </h1>
  <h1>
    Rigel
  </h1>
  <h1>
    Scarlett
  </h1>
  <h1>
    Wang
  </h1>
  <h1>
    Eagan
  </h1>
  <h1>
    Hamilton
  </h1>
  <h1>
    Liberty
  </h1>
  <h1>
    Noel
  </h1>
  <h1>
    Aidan
  </h1>
  <h1>
    Murphy
  </h1>
  <h1>
    Ila
  </h1>
  <h1>
    Katelyn
  </h1>
  <h1>
    Logan
  </h1>
  <h1>
    Adria
  </h1>
  <h1>
    Katell
  </h1>
  <h1>
    Lionel
  </h1>
  <h1>
    Erin
  </h1>
  <h1>
    Austin
  </h1>
  <h1>
    Deanna
  </h1>
  <h1>
    Darius
  </h1>
  <h1>
    Kelsey
  </h1>
  <h1>
    Skyler
  </h1>
  <h1>
    Harding
  </h1>
  <h1>
    Marny
  </h1>
  <h1>
    Brennan
  </h1>
  <h1>
    Lance
  </h1>
  <h1>
    Orson
  </h1>
  <h1>
    Shana
  </h1>
  <h1>
    Wanda
  </h1>
  <h1>
    Kelsie
  </h1>
  <h1>
    Moses
  </h1>
  <h1>
    Rafael
  </h1>
  <h1>
    Carson
  </h1>
  <h1>
    Leila
  </h1>
  <h1>
    Aurelia
  </h1>
  <h1>
    Zelenia
  </h1>
  <h1>
    Sacha
  </h1>
  <h1>
    Clio
  </h1>
  <h1>
    Nola
  </h1>
  <h1>
    Roanna
  </h1>
  <h1>
    Summer
  </h1>
  <h1>
    Amery
  </h1>
  <h1>
    Abra
  </h1>
  <h1>
    Wyatt
  </h1>
  <h1>
    Aidan
  </h1>
  <h1>
    Marny
  </h1>
  <h1>
    Wynter
  </h1>
  <h1>
    Morgan
  </h1>
  <h1>
    Irene
  </h1>
  <h1>
    Morgan
  </h1>
  <h1>
    Phyllis
  </h1>
  <h1>
    Mohammad
  </h1>
  <h1>
    Ethan
  </h1>
  <h1>
    Madeline
  </h1>
  <h1>
    Cara
  </h1>
  <h1>
    Quinlan
  </h1>
  <h1>
    Dominic
  </h1>
  <h1>
    Burke
  </h1>
  <h1>
    Melanie
  </h1>
  <h1>
    Upton
  </h1>
  <h1>
    Latifah
  </h1>
  <h1>
    Dacey
  </h1>
  <h1>
    Maya
  </h1>
  <h1>
    Quentin
  </h1>
  <h1>
    Simon
  </h1>
  <h1>
    Stewart
  </h1>
  <h1>
    Thomas
  </h1>
  <h1>
    Aristotle
  </h1>
  <h1>
    Mason
  </h1>
  <h1>
    Lamar
  </h1>
  <h1>
    Clayton
  </h1>
  <h1>
    Jessica
  </h1>
  <h1>
    Maxwell
  </h1>
  <h1>
    Marny
  </h1>
  <h1>
    Byron
  </h1>
  <h1>
    Bryar
  </h1>
</div>
`;
