// Jest Snapshot v1, https://goo.gl/fbAQLP

exports[`class DataTableItem extends _react.Component {
  constructor(props) {
    super(props);

    this.state = {
      visible: false };


    this.toggle = this.toggle.bind(this);
    this.deleteItem = this.deleteItem.bind(this);
  }

  toggle() {
    this.setState({ visible: !this.state.visible });
  }

  deleteItem(id) {
    this.props.deleteItem(id);
  }

  render() {
    const item = this.props.item;

    let children;

    if (item.children.length) {
      children = item.children.map(child => {
        return (
          _react2.default.createElement(DataTableItem, {
            key: child.ID,
            id: child.ID,
            item: child,
            deleteItem: this.deleteItem, __source: { fileName: _jsxFileName, lineNumber: 31 }, __self: this }));


      });
    }

    return (
      _react2.default.createElement("ul", { className: "data-table-item", __source: { fileName: _jsxFileName, lineNumber: 42 }, __self: this },
        _react2.default.createElement("li", { __source: { fileName: _jsxFileName, lineNumber: 43 }, __self: this },
          children &&
          _react2.default.createElement("span", { className: "data-table-item__toggle", onClick: this.toggle, __source: { fileName: _jsxFileName, lineNumber: 45 }, __self: this },
            this.state.visible ? '-' : '+'),

          _react2.default.createElement("div", { className: "data-table-item__info", __source: { fileName: _jsxFileName, lineNumber: 48 }, __self: this },
            _react2.default.createElement("div", { __source: { fileName: _jsxFileName, lineNumber: 49 }, __self: this },
              _react2.default.createElement("strong", { __source: { fileName: _jsxFileName, lineNumber: 50 }, __self: this }, "ID: "),
              _react2.default.createElement("span", { __source: { fileName: _jsxFileName, lineNumber: 51 }, __self: this },
                item.ID)),


            (item.parentID && item.parentID !== 0 ? true : false) &&
            _react2.default.createElement("div", { __source: { fileName: _jsxFileName, lineNumber: 56 }, __self: this },
              _react2.default.createElement("strong", { __source: { fileName: _jsxFileName, lineNumber: 57 }, __self: this }, "parentID: "),
              _react2.default.createElement("span", { __source: { fileName: _jsxFileName, lineNumber: 58 }, __self: this },
                item.parentID)),


            _react2.default.createElement("div", { __source: { fileName: _jsxFileName, lineNumber: 62 }, __self: this },
              _react2.default.createElement("strong", { __source: { fileName: _jsxFileName, lineNumber: 63 }, __self: this }, "Name: "),
              _react2.default.createElement("span", { __source: { fileName: _jsxFileName, lineNumber: 64 }, __self: this },
                item.Name)),


            _react2.default.createElement("div", { __source: { fileName: _jsxFileName, lineNumber: 68 }, __self: this },
              _react2.default.createElement("strong", { __source: { fileName: _jsxFileName, lineNumber: 69 }, __self: this }, "City: "),
              _react2.default.createElement("span", { __source: { fileName: _jsxFileName, lineNumber: 70 }, __self: this },
                item.City)),


            _react2.default.createElement("div", { __source: { fileName: _jsxFileName, lineNumber: 74 }, __self: this },
              _react2.default.createElement("strong", { __source: { fileName: _jsxFileName, lineNumber: 75 }, __self: this }, "Phone: "),
              _react2.default.createElement("span", { __source: { fileName: _jsxFileName, lineNumber: 76 }, __self: this },
                item.Phone))),



          _react2.default.createElement("span", {
              className: "data-table-item__remove",
              onClick: () => {
                this.deleteItem(item.ID);
              }, __source: { fileName: _jsxFileName, lineNumber: 81 }, __self: this }, "x"),



          children &&
          _react2.default.createElement("div", {
              className:
              this.state.visible ?
              'data-table-item__children data-table-item__children--visible' :
              'data-table-item__children',

              style:
              this.state.visible ? { display: 'block' } : { display: 'none' }, __source: { fileName: _jsxFileName, lineNumber: 90 }, __self: this },


            children))));




  }} renders and matches our snapshot 1`] = `
<ul
  className="data-table-item"
>
  <li>
    <span
      className="data-table-item__toggle"
      onClick={[Function]}
    >
      +
    </span>
    <div
      className="data-table-item__info"
    >
      <div>
        <strong>
          ID: 
        </strong>
        <span>
          72
        </span>
      </div>
      <div>
        <strong>
          Name: 
        </strong>
        <span>
          Morgan
        </span>
      </div>
      <div>
        <strong>
          City: 
        </strong>
        <span>
          Kukatpalle
        </span>
      </div>
      <div>
        <strong>
          Phone: 
        </strong>
        <span>
          (134) 258-4612
        </span>
      </div>
    </div>
    <span
      className="data-table-item__remove"
      onClick={[Function]}
    >
      x
    </span>
    <div
      className="data-table-item__children"
      style={
        Object {
          "display": "none",
        }
      }
    >
      <ul
        className="data-table-item"
      >
        <li>
          <div
            className="data-table-item__info"
          >
            <div>
              <strong>
                ID: 
              </strong>
              <span>
                82
              </span>
            </div>
            <div>
              <strong>
                Name: 
              </strong>
              <span>
                Burke
              </span>
            </div>
            <div>
              <strong>
                City: 
              </strong>
              <span>
                San Giuliano di Puglia
              </span>
            </div>
            <div>
              <strong>
                Phone: 
              </strong>
              <span>
                (770) 741-5391
              </span>
            </div>
          </div>
          <span
            className="data-table-item__remove"
            onClick={[Function]}
          >
            x
          </span>
        </li>
      </ul>
    </div>
  </li>
</ul>
`;
